keymaps 0-2,4-6,8-10,12
keycode   1 = Escape           Escape           VoidSymbol       VoidSymbol       VoidSymbol       VoidSymbol       Meta_Escape      Meta_Escape      VoidSymbol       VoidSymbol
keycode   2 = one              exclam           VoidSymbol       VoidSymbol       VoidSymbol       VoidSymbol       Meta_one         Meta_exclam      VoidSymbol       VoidSymbol
keycode   3 = two              quotedbl         twosuperior      nul              VoidSymbol       VoidSymbol       Meta_two         Meta_quotedbl    VoidSymbol       Meta_nul
keycode   4 = three            section          threesuperior    Escape           VoidSymbol       VoidSymbol       Meta_three       VoidSymbol       VoidSymbol       Meta_Escape
keycode   5 = four             dollar           VoidSymbol       VoidSymbol       VoidSymbol       VoidSymbol       Meta_four        Meta_dollar      VoidSymbol       VoidSymbol
keycode   6 = five             percent          VoidSymbol       VoidSymbol       VoidSymbol       VoidSymbol       Meta_five        Meta_percent     VoidSymbol       VoidSymbol
keycode   7 = six              ampersand        VoidSymbol       Control_asciicircum VoidSymbol       VoidSymbol       Meta_six         Meta_ampersand   VoidSymbol       VoidSymbol
keycode   8 = seven            slash            braceleft        VoidSymbol       VoidSymbol       VoidSymbol       Meta_seven       Meta_slash       Meta_braceleft   VoidSymbol
keycode   9 = eight            parenleft        bracketleft      VoidSymbol       VoidSymbol       VoidSymbol       Meta_eight       Meta_parenleft   Meta_bracketleft VoidSymbol
keycode  10 = nine             parenright       bracketright     VoidSymbol       VoidSymbol       Control_bracketright Meta_nine        Meta_parenright  Meta_bracketright VoidSymbol
keycode  11 = zero             equal            braceright       VoidSymbol       VoidSymbol       VoidSymbol       Meta_zero        Meta_equal       Meta_braceright  VoidSymbol
keycode  12 = ssharp           question         backslash        VoidSymbol       VoidSymbol       Control_backslash VoidSymbol       Meta_question    Meta_backslash   VoidSymbol
keycode  13 = apostrophe       grave            VoidSymbol       VoidSymbol       VoidSymbol       VoidSymbol       0x08b4           Meta_grave       VoidSymbol       VoidSymbol
keycode  14 = Delete           Delete           VoidSymbol       VoidSymbol       VoidSymbol       VoidSymbol       Meta_Delete      Meta_Delete      VoidSymbol       VoidSymbol
keycode  15 = Tab              Meta_Tab         VoidSymbol       VoidSymbol       VoidSymbol       VoidSymbol       Meta_Tab         VoidSymbol       VoidSymbol       VoidSymbol
keycode  16 = +q               +Q               at               Control_q        Control_q        nul              Meta_q           Meta_Q           Meta_at          Meta_Control_q
keycode  17 = +w               +W               +w               Control_w        Control_w        Control_w        Meta_w           Meta_W           Meta_w           Meta_Control_w
keycode  18 = +e               +E               euro             Control_e        Control_e        Control_e        Meta_e           Meta_E           Meta_e           Meta_Control_e
keycode  19 = +r               +R               +r               Control_r        Control_r        Control_r        Meta_r           Meta_R           Meta_r           Meta_Control_r
keycode  20 = +t               +T               +t               Control_t        Control_t        Control_t        Meta_t           Meta_T           Meta_t           Meta_Control_t
keycode  21 = +z               +Z               +z               Control_z        Control_z        Control_z        Meta_z           Meta_Z           Meta_z           Meta_Control_z
keycode  22 = +u               +U               +u               Control_u        Control_u        Control_u        Meta_u           Meta_U           Meta_u           Meta_Control_u
keycode  23 = +i               +I               +i               Tab              Tab              Tab              Meta_i           Meta_I           Meta_i           Meta_Tab
keycode  24 = +o               +O               +o               Control_o        Control_o        Control_o        Meta_o           Meta_O           Meta_o           Meta_Control_o
keycode  25 = +p               +P               +p               Control_p        Control_p        Control_p        Meta_p           Meta_P           Meta_p           Meta_Control_p
keycode  26 = +udiaeresis      +Udiaeresis      VoidSymbol       VoidSymbol       VoidSymbol       VoidSymbol       VoidSymbol       VoidSymbol       VoidSymbol       VoidSymbol
keycode  27 = plus             asterisk         asciitilde       VoidSymbol       VoidSymbol       VoidSymbol       Meta_plus        Meta_asterisk    VoidSymbol       VoidSymbol
keycode  28 = Return           Return           Return           Return           Return           Return           Meta_Control_m   Return           Return           Return
keycode  29 = Control          Control          Control          Control          Control          Control          Control          Control          Control          Control
keycode  30 = +a               +A               +a               Control_a        Control_a        Control_a        Meta_a           Meta_A           Meta_a           Meta_Control_a
keycode  31 = +s               +S               +s               Control_s        Control_s        Control_s        Meta_s           Meta_S           Meta_s           Meta_Control_s
keycode  32 = +d               +D               +d               Control_d        Control_d        Control_d        Meta_d           Meta_D           Meta_d           Meta_Control_d
keycode  33 = +f               +F               +f               Control_f        Control_f        Control_f        Meta_f           Meta_F           Meta_f           Meta_Control_f
keycode  34 = +g               +G               +g               Control_g        Control_g        Control_g        Meta_g           Meta_G           Meta_g           Meta_Control_g
keycode  35 = +h               +H               +h               BackSpace        BackSpace        BackSpace        Meta_h           Meta_H           Meta_h           Meta_BackSpace
keycode  36 = +j               +J               +j               Linefeed         Linefeed         Linefeed         Meta_j           Meta_J           Meta_j           Meta_Linefeed
keycode  37 = +k               +K               +k               Control_k        Control_k        Control_k        Meta_k           Meta_K           Meta_k           Meta_Control_k
keycode  38 = +l               +L               +l               Control_l        Control_l        Control_l        Meta_l           Meta_L           Meta_l           Meta_Control_l
keycode  39 = +odiaeresis      +Odiaeresis      VoidSymbol       VoidSymbol       VoidSymbol       VoidSymbol       VoidSymbol       VoidSymbol       VoidSymbol       VoidSymbol
keycode  40 = +adiaeresis      +Adiaeresis      VoidSymbol       VoidSymbol       VoidSymbol       VoidSymbol       VoidSymbol       VoidSymbol       VoidSymbol       VoidSymbol
keycode  41 = asciicircum      degree           Meta_asciicircum Control_asciicircum VoidSymbol       VoidSymbol       VoidSymbol       VoidSymbol       VoidSymbol       Meta_Control_asciicircum
keycode  42 = Shift            Shift            Shift            Shift            Shift            Shift            Shift            Shift            Shift            Shift
keycode  43 = numbersign       apostrophe       VoidSymbol       VoidSymbol       VoidSymbol       VoidSymbol       Meta_numbersign  Meta_apostrophe  VoidSymbol       VoidSymbol
keycode  44 = +y               +Y               +y               Control_y        Control_y        Control_y        Meta_y           Meta_Y           Meta_y           Meta_Control_y
keycode  45 = +x               +X               +x               Control_x        Control_x        Control_x        Meta_x           Meta_X           Meta_x           Meta_Control_x
keycode  46 = +c               +C               cent             Control_c        Control_c        Control_c        Meta_c           Meta_C           Meta_c           Meta_Control_c
keycode  47 = +v               +V               +v               Control_v        Control_v        Control_v        Meta_v           Meta_V           Meta_v           Meta_Control_v
keycode  48 = +b               +B               +b               Control_b        Control_b        Control_b        Meta_b           Meta_B           Meta_b           Meta_Control_b
keycode  49 = +n               +N               +n               Control_n        Control_n        Control_n        Meta_n           Meta_N           Meta_n           Meta_Control_n
keycode  50 = +m               +M               mu               Control_m        Control_m        Control_m        Meta_m           Meta_M           Meta_m           Meta_Control_m
keycode  51 = comma            semicolon        VoidSymbol       VoidSymbol       VoidSymbol       VoidSymbol       Meta_comma       Meta_semicolon   VoidSymbol       VoidSymbol
keycode  52 = period           colon            VoidSymbol       VoidSymbol       VoidSymbol       VoidSymbol       Meta_period      Meta_colon       VoidSymbol       VoidSymbol
keycode  53 = minus            underscore       Meta_minus       VoidSymbol       Control_underscore VoidSymbol       Meta_minus       Meta_underscore  VoidSymbol       VoidSymbol
keycode  54 = Shift            Shift            Shift            Shift            Shift            Shift            Shift            Shift            Shift            Shift
keycode  55 = KP_Multiply      KP_Multiply      Hex_C            KP_Multiply      KP_Multiply      KP_Multiply      KP_Multiply      KP_Multiply      KP_Multiply      KP_Multiply
keycode  56 = Alt              Alt              Alt              Alt              Alt              Alt              Alt              Alt              Alt              Alt
keycode  57 = space            space            Meta_space       nul              VoidSymbol       VoidSymbol       Meta_space       Meta_space       VoidSymbol       Meta_nul
keycode  58 = Control
keycode  59 = F1               F13              Console_13       F25              VoidSymbol       VoidSymbol       Console_1        VoidSymbol       VoidSymbol       Console_1
keycode  60 = F2               F14              Console_14       F26              VoidSymbol       VoidSymbol       Console_2        VoidSymbol       VoidSymbol       Console_2
keycode  61 = F3               F15              Console_15       F27              VoidSymbol       VoidSymbol       Console_3        VoidSymbol       VoidSymbol       Console_3
keycode  62 = F4               F16              Console_16       F28              VoidSymbol       VoidSymbol       Console_4        VoidSymbol       VoidSymbol       Console_4
keycode  63 = F5               F17              Console_17       F29              VoidSymbol       VoidSymbol       Console_5        VoidSymbol       VoidSymbol       Console_5
keycode  64 = F6               F18              Console_18       F30              VoidSymbol       VoidSymbol       Console_6        VoidSymbol       VoidSymbol       Console_6
keycode  65 = F7               F19              Console_19       F31              VoidSymbol       VoidSymbol       Console_7        VoidSymbol       VoidSymbol       Console_7
keycode  66 = F8               F20              Console_20       F32              VoidSymbol       VoidSymbol       Console_8        VoidSymbol       VoidSymbol       Console_8
keycode  67 = F9               F21              Console_21       F33              VoidSymbol       VoidSymbol       Console_9        VoidSymbol       VoidSymbol       Console_9
keycode  68 = F10              F22              Console_22       F34              VoidSymbol       VoidSymbol       Console_10       VoidSymbol       VoidSymbol       Console_10
keycode  69 = Num_Lock         Num_Lock         Hex_A            Num_Lock         Num_Lock         Num_Lock         Num_Lock         Num_Lock         Num_Lock         Num_Lock
keycode  70 = Scroll_Lock      Show_Memory      Show_Registers   Show_State       VoidSymbol       VoidSymbol       Scroll_Lock      VoidSymbol       VoidSymbol       VoidSymbol
keycode  71 = KP_7             KP_7             Hex_7            KP_7             KP_7             KP_7             Ascii_7          KP_7             KP_7             KP_7
keycode  72 = KP_8             KP_8             Hex_8            KP_8             KP_8             KP_8             Ascii_8          KP_8             KP_8             KP_8
keycode  73 = KP_9             KP_9             Hex_9            KP_9             KP_9             KP_9             Ascii_9          KP_9             KP_9             KP_9
keycode  74 = KP_Subtract      KP_Subtract      Hex_D            KP_Subtract      KP_Subtract      KP_Subtract      KP_Subtract      KP_Subtract      KP_Subtract      KP_Subtract
keycode  75 = KP_4             KP_4             Hex_4            KP_4             KP_4             KP_4             Ascii_4          KP_4             KP_4             KP_4
keycode  76 = KP_5             KP_5             Hex_5            KP_5             KP_5             KP_5             Ascii_5          KP_5             KP_5             KP_5
keycode  77 = KP_6             KP_6             Hex_6            KP_6             KP_6             KP_6             Ascii_6          KP_6             KP_6             KP_6
keycode  78 = KP_Add           KP_Add           Hex_E            KP_Add           KP_Add           KP_Add           KP_Add           KP_Add           KP_Add           KP_Add
keycode  79 = KP_1             KP_1             Hex_1            KP_1             KP_1             KP_1             Ascii_1          KP_1             KP_1             KP_1
keycode  80 = KP_2             KP_2             Hex_2            KP_2             KP_2             KP_2             Ascii_2          KP_2             KP_2             KP_2
keycode  81 = KP_3             KP_3             Hex_3            KP_3             KP_3             KP_3             Ascii_3          KP_3             KP_3             KP_3
keycode  82 = KP_0             KP_0             Hex_0            KP_0             KP_0             KP_0             Ascii_0          KP_0             KP_0             KP_0
keycode  83 = KP_Comma         KP_Comma         KP_Comma         KP_Comma         KP_Comma         Boot             KP_Comma         KP_Comma         KP_Comma         Boot
keycode  84 = Last_Console     Last_Console     Last_Console     Last_Console     Last_Console     Last_Console     Last_Console     Last_Console     Last_Console     Last_Console
keycode  85 = VoidSymbol       VoidSymbol       VoidSymbol       VoidSymbol       VoidSymbol       VoidSymbol       VoidSymbol       VoidSymbol       VoidSymbol       VoidSymbol
keycode  86 = less             greater          bar              VoidSymbol       VoidSymbol       VoidSymbol       Meta_less        Meta_greater     Meta_bar         VoidSymbol
keycode  87 = F11              F23              Console_23       F35              VoidSymbol       VoidSymbol       Console_11       VoidSymbol       VoidSymbol       Console_11
keycode  88 = F12              F24              Console_24       F36              VoidSymbol       VoidSymbol       Console_12       VoidSymbol       VoidSymbol       Console_12
keycode  89 = VoidSymbol       VoidSymbol       VoidSymbol       VoidSymbol       VoidSymbol       VoidSymbol       VoidSymbol       VoidSymbol       VoidSymbol       VoidSymbol
keycode  90 = VoidSymbol       VoidSymbol       VoidSymbol       VoidSymbol       VoidSymbol       VoidSymbol       VoidSymbol       VoidSymbol       VoidSymbol       VoidSymbol
keycode  91 = VoidSymbol       VoidSymbol       VoidSymbol       VoidSymbol       VoidSymbol       VoidSymbol       VoidSymbol       VoidSymbol       VoidSymbol       VoidSymbol
keycode  92 = VoidSymbol       VoidSymbol       VoidSymbol       VoidSymbol       VoidSymbol       VoidSymbol       VoidSymbol       VoidSymbol       VoidSymbol       VoidSymbol
keycode  93 = VoidSymbol       VoidSymbol       VoidSymbol       VoidSymbol       VoidSymbol       VoidSymbol       VoidSymbol       VoidSymbol       VoidSymbol       VoidSymbol
keycode  94 = VoidSymbol       VoidSymbol       VoidSymbol       VoidSymbol       VoidSymbol       VoidSymbol       VoidSymbol       VoidSymbol       VoidSymbol       VoidSymbol
keycode  95 = VoidSymbol       VoidSymbol       VoidSymbol       VoidSymbol       VoidSymbol       VoidSymbol       VoidSymbol       VoidSymbol       VoidSymbol       VoidSymbol
keycode  96 = KP_Enter         KP_Enter         Hex_F            KP_Enter         KP_Enter         KP_Enter         KP_Enter         KP_Enter         KP_Enter         KP_Enter
keycode  97 = Control          Control          Control          Control          Control          Control          Control          Control          Control          Control
keycode  98 = KP_Divide        KP_Divide        Hex_B            KP_Divide        KP_Divide        KP_Divide        KP_Divide        KP_Divide        KP_Divide        KP_Divide
keycode  99 = Compose          Compose          Compose          Control_backslash Compose          Compose          Control_backslash Compose          Compose          Meta_Control_backslash
keycode 100 = AltGr            AltGr            AltGr            AltGr            AltGr            AltGr            Compose          AltGr            AltGr            AltGr
keycode 101 = Break            Break            Break            Break            Break            Break            Break            Break            Break            Break
keycode 102 = Find             Find             Find             Find             Find             Find             Find             Find             Find             Find
keycode 103 = Up               Up               Up               Up               Up               Up               KeyboardSignal   Up               Up               Up
keycode 104 = Prior            Scroll_Backward  Prior            Prior            Prior            Prior            Prior            Prior            Prior            Prior
keycode 105 = Left             Left             Left             Left             Left             Left             Decr_Console     Left             Left             Left
keycode 106 = Right            Right            Right            Right            Right            Right            Incr_Console     Right            Right            Right
keycode 107 = Select           Select           Select           Select           Select           Select           Select           Select           Select           Select
keycode 108 = Down             Down             Down             Down             Down             Down             Down             Down             Down             Down
keycode 109 = Next             Scroll_Forward   Next             Next             Next             Next             Next             Next             Next             Next
keycode 110 = Insert           Insert           Insert           Insert           Insert           Insert           Insert           Insert           Insert           Insert
keycode 111 = Remove           Remove           Remove           Remove           Remove           Boot             Remove           Remove           Remove           Boot
keycode 112 = Macro            Macro            Macro            Macro            Macro            VoidSymbol       Macro            VoidSymbol       VoidSymbol       Macro
keycode 113 = F13              F13              F13              F13              F13              VoidSymbol       F13              VoidSymbol       VoidSymbol       F13
keycode 114 = F14              F14              F14              F14              F14              VoidSymbol       F14              VoidSymbol       VoidSymbol       F14
keycode 115 = Help             Help             Help             Help             Help             VoidSymbol       Help             VoidSymbol       VoidSymbol       Help
keycode 116 = Do               Do               Do               Do               Do               VoidSymbol       Do               VoidSymbol       VoidSymbol       Do
keycode 117 = F17              F17              F17              F17              F17              VoidSymbol       F17              VoidSymbol       VoidSymbol       F17
keycode 118 = KP_MinPlus       KP_MinPlus       KP_MinPlus       KP_MinPlus       KP_MinPlus       VoidSymbol       KP_MinPlus       VoidSymbol       VoidSymbol       KP_MinPlus
keycode 119 = Pause            Pause            Pause            Pause            Pause            Pause            Pause            Pause            Pause            Pause
keycode 120 = VoidSymbol       VoidSymbol       VoidSymbol       VoidSymbol       VoidSymbol       VoidSymbol       VoidSymbol       VoidSymbol       VoidSymbol       VoidSymbol
keycode 121 = VoidSymbol       VoidSymbol       VoidSymbol       VoidSymbol       VoidSymbol       VoidSymbol       VoidSymbol       VoidSymbol       VoidSymbol       VoidSymbol
keycode 122 = VoidSymbol       VoidSymbol       VoidSymbol       VoidSymbol       VoidSymbol       VoidSymbol       VoidSymbol       VoidSymbol       VoidSymbol       VoidSymbol
keycode 123 = VoidSymbol       VoidSymbol       VoidSymbol       VoidSymbol       VoidSymbol       VoidSymbol       VoidSymbol       VoidSymbol       VoidSymbol       VoidSymbol
keycode 124 = VoidSymbol       VoidSymbol       VoidSymbol       VoidSymbol       VoidSymbol       VoidSymbol       VoidSymbol       VoidSymbol       VoidSymbol       VoidSymbol
keycode 125 = VoidSymbol       VoidSymbol       VoidSymbol       VoidSymbol       VoidSymbol       VoidSymbol       VoidSymbol       VoidSymbol       VoidSymbol       VoidSymbol
keycode 126 = VoidSymbol       VoidSymbol       VoidSymbol       VoidSymbol       VoidSymbol       VoidSymbol       VoidSymbol       VoidSymbol       VoidSymbol       VoidSymbol
keycode 127 = VoidSymbol       VoidSymbol       VoidSymbol       VoidSymbol       VoidSymbol       VoidSymbol       VoidSymbol       VoidSymbol       VoidSymbol       VoidSymbol
keycode 128 = nul              nul              nul              nul              nul              VoidSymbol       nul              VoidSymbol       VoidSymbol       nul
keycode 129 = nul              nul              nul              nul              nul              VoidSymbol       nul              VoidSymbol       VoidSymbol       nul
keycode 130 = nul              nul              nul              nul              nul              VoidSymbol       nul              VoidSymbol       VoidSymbol       nul
keycode 131 = nul              nul              nul              nul              nul              VoidSymbol       nul              VoidSymbol       VoidSymbol       nul
keycode 132 = nul              nul              nul              nul              nul              VoidSymbol       nul              VoidSymbol       VoidSymbol       nul
keycode 133 = nul              nul              nul              nul              nul              VoidSymbol       nul              VoidSymbol       VoidSymbol       nul
keycode 134 = nul              nul              nul              nul              nul              VoidSymbol       nul              VoidSymbol       VoidSymbol       nul
keycode 135 = nul              nul              nul              nul              nul              VoidSymbol       nul              VoidSymbol       VoidSymbol       nul
keycode 136 = nul              nul              nul              nul              nul              VoidSymbol       nul              VoidSymbol       VoidSymbol       nul
keycode 137 = nul              nul              nul              nul              nul              VoidSymbol       nul              VoidSymbol       VoidSymbol       nul
keycode 138 = nul              nul              nul              nul              nul              VoidSymbol       nul              VoidSymbol       VoidSymbol       nul
keycode 139 = nul              nul              nul              nul              nul              VoidSymbol       nul              VoidSymbol       VoidSymbol       nul
keycode 140 = nul              nul              nul              nul              nul              VoidSymbol       nul              VoidSymbol       VoidSymbol       nul
keycode 141 = nul              nul              nul              nul              nul              VoidSymbol       nul              VoidSymbol       VoidSymbol       nul
keycode 142 = nul              nul              nul              nul              nul              VoidSymbol       nul              VoidSymbol       VoidSymbol       nul
keycode 143 = nul              nul              nul              nul              nul              VoidSymbol       nul              VoidSymbol       VoidSymbol       nul
keycode 144 = nul              nul              nul              nul              nul              VoidSymbol       nul              VoidSymbol       VoidSymbol       nul
keycode 145 = nul              nul              nul              nul              nul              VoidSymbol       nul              VoidSymbol       VoidSymbol       nul
keycode 146 = nul              nul              nul              nul              nul              VoidSymbol       nul              VoidSymbol       VoidSymbol       nul
keycode 147 = nul              nul              nul              nul              nul              VoidSymbol       nul              VoidSymbol       VoidSymbol       nul
keycode 148 = nul              nul              nul              nul              nul              VoidSymbol       nul              VoidSymbol       VoidSymbol       nul
keycode 149 = nul              nul              nul              nul              nul              VoidSymbol       nul              VoidSymbol       VoidSymbol       nul
keycode 150 = nul              nul              nul              nul              nul              VoidSymbol       nul              VoidSymbol       VoidSymbol       nul
keycode 151 = nul              nul              nul              nul              nul              VoidSymbol       nul              VoidSymbol       VoidSymbol       nul
keycode 152 = nul              nul              nul              nul              nul              VoidSymbol       nul              VoidSymbol       VoidSymbol       nul
keycode 153 = nul              nul              nul              nul              nul              VoidSymbol       nul              VoidSymbol       VoidSymbol       nul
keycode 154 = nul              nul              nul              nul              nul              VoidSymbol       nul              VoidSymbol       VoidSymbol       nul
keycode 155 = nul              nul              nul              nul              nul              VoidSymbol       nul              VoidSymbol       VoidSymbol       nul
keycode 156 = nul              nul              nul              nul              nul              VoidSymbol       nul              VoidSymbol       VoidSymbol       nul
keycode 157 = nul              nul              nul              nul              nul              VoidSymbol       nul              VoidSymbol       VoidSymbol       nul
keycode 158 = nul              nul              nul              nul              nul              VoidSymbol       nul              VoidSymbol       VoidSymbol       nul
keycode 159 = nul              nul              nul              nul              nul              VoidSymbol       nul              VoidSymbol       VoidSymbol       nul
keycode 160 = nul              nul              nul              nul              nul              VoidSymbol       nul              VoidSymbol       VoidSymbol       nul
keycode 161 = nul              nul              nul              nul              nul              VoidSymbol       nul              VoidSymbol       VoidSymbol       nul
keycode 162 = nul              nul              nul              nul              nul              VoidSymbol       nul              VoidSymbol       VoidSymbol       nul
keycode 163 = nul              nul              nul              nul              nul              VoidSymbol       nul              VoidSymbol       VoidSymbol       nul
keycode 164 = nul              nul              nul              nul              nul              VoidSymbol       nul              VoidSymbol       VoidSymbol       nul
keycode 165 = nul              nul              nul              nul              nul              VoidSymbol       nul              VoidSymbol       VoidSymbol       nul
keycode 166 = nul              nul              nul              nul              nul              VoidSymbol       nul              VoidSymbol       VoidSymbol       nul
keycode 167 = nul              nul              nul              nul              nul              VoidSymbol       nul              VoidSymbol       VoidSymbol       nul
keycode 168 = nul              nul              nul              nul              nul              VoidSymbol       nul              VoidSymbol       VoidSymbol       nul
keycode 169 = nul              nul              nul              nul              nul              VoidSymbol       nul              VoidSymbol       VoidSymbol       nul
keycode 170 = nul              nul              nul              nul              nul              VoidSymbol       nul              VoidSymbol       VoidSymbol       nul
keycode 171 = nul              nul              nul              nul              nul              VoidSymbol       nul              VoidSymbol       VoidSymbol       nul
keycode 172 = nul              nul              nul              nul              nul              VoidSymbol       nul              VoidSymbol       VoidSymbol       nul
keycode 173 = nul              nul              nul              nul              nul              VoidSymbol       nul              VoidSymbol       VoidSymbol       nul
keycode 174 = nul              nul              nul              nul              nul              VoidSymbol       nul              VoidSymbol       VoidSymbol       nul
keycode 175 = nul              nul              nul              nul              nul              VoidSymbol       nul              VoidSymbol       VoidSymbol       nul
keycode 176 = nul              nul              nul              nul              nul              VoidSymbol       nul              VoidSymbol       VoidSymbol       nul
keycode 177 = nul              nul              nul              nul              nul              VoidSymbol       nul              VoidSymbol       VoidSymbol       nul
keycode 178 = nul              nul              nul              nul              nul              VoidSymbol       nul              VoidSymbol       VoidSymbol       nul
keycode 179 = nul              nul              nul              nul              nul              VoidSymbol       nul              VoidSymbol       VoidSymbol       nul
keycode 180 = nul              nul              nul              nul              nul              VoidSymbol       nul              VoidSymbol       VoidSymbol       nul
keycode 181 = nul              nul              nul              nul              nul              VoidSymbol       nul              VoidSymbol       VoidSymbol       nul
keycode 182 = nul              nul              nul              nul              nul              VoidSymbol       nul              VoidSymbol       VoidSymbol       nul
keycode 183 = nul              nul              nul              nul              nul              VoidSymbol       nul              VoidSymbol       VoidSymbol       nul
keycode 184 = nul              nul              nul              nul              nul              VoidSymbol       nul              VoidSymbol       VoidSymbol       nul
keycode 185 = nul              nul              nul              nul              nul              VoidSymbol       nul              VoidSymbol       VoidSymbol       nul
keycode 186 = nul              nul              nul              nul              nul              VoidSymbol       nul              VoidSymbol       VoidSymbol       nul
keycode 187 = nul              nul              nul              nul              nul              VoidSymbol       nul              VoidSymbol       VoidSymbol       nul
keycode 188 = nul              nul              nul              nul              nul              VoidSymbol       nul              VoidSymbol       VoidSymbol       nul
keycode 189 = nul              nul              nul              nul              nul              VoidSymbol       nul              VoidSymbol       VoidSymbol       nul
keycode 190 = nul              nul              nul              nul              nul              VoidSymbol       nul              VoidSymbol       VoidSymbol       nul
keycode 191 = nul              nul              nul              nul              nul              VoidSymbol       nul              VoidSymbol       VoidSymbol       nul
keycode 192 = nul              nul              nul              nul              nul              VoidSymbol       nul              VoidSymbol       VoidSymbol       nul
keycode 193 = nul              nul              nul              nul              nul              VoidSymbol       nul              VoidSymbol       VoidSymbol       nul
keycode 194 = nul              nul              nul              nul              nul              VoidSymbol       nul              VoidSymbol       VoidSymbol       nul
keycode 195 = nul              nul              nul              nul              nul              VoidSymbol       nul              VoidSymbol       VoidSymbol       nul
keycode 196 = nul              nul              nul              nul              nul              VoidSymbol       nul              VoidSymbol       VoidSymbol       nul
keycode 197 = nul              nul              nul              nul              nul              VoidSymbol       nul              VoidSymbol       VoidSymbol       nul
keycode 198 = nul              nul              nul              nul              nul              VoidSymbol       nul              VoidSymbol       VoidSymbol       nul
keycode 199 = nul              nul              nul              nul              nul              VoidSymbol       nul              VoidSymbol       VoidSymbol       nul
keycode 200 = nul              nul              nul              nul              nul              VoidSymbol       nul              VoidSymbol       VoidSymbol       nul
keycode 201 = nul              nul              nul              nul              nul              VoidSymbol       nul              VoidSymbol       VoidSymbol       nul
keycode 202 = nul              nul              nul              nul              nul              VoidSymbol       nul              VoidSymbol       VoidSymbol       nul
keycode 203 = nul              nul              nul              nul              nul              VoidSymbol       nul              VoidSymbol       VoidSymbol       nul
keycode 204 = nul              nul              nul              nul              nul              VoidSymbol       nul              VoidSymbol       VoidSymbol       nul
keycode 205 = nul              nul              nul              nul              nul              VoidSymbol       nul              VoidSymbol       VoidSymbol       nul
keycode 206 = nul              nul              nul              nul              nul              VoidSymbol       nul              VoidSymbol       VoidSymbol       nul
keycode 207 = nul              nul              nul              nul              nul              VoidSymbol       nul              VoidSymbol       VoidSymbol       nul
keycode 208 = nul              nul              nul              nul              nul              VoidSymbol       nul              VoidSymbol       VoidSymbol       nul
keycode 209 = nul              nul              nul              nul              nul              VoidSymbol       nul              VoidSymbol       VoidSymbol       nul
keycode 210 = nul              nul              nul              nul              nul              VoidSymbol       nul              VoidSymbol       VoidSymbol       nul
keycode 211 = nul              nul              nul              nul              nul              VoidSymbol       nul              VoidSymbol       VoidSymbol       nul
keycode 212 = nul              nul              nul              nul              nul              VoidSymbol       nul              VoidSymbol       VoidSymbol       nul
keycode 213 = nul              nul              nul              nul              nul              VoidSymbol       nul              VoidSymbol       VoidSymbol       nul
keycode 214 = nul              nul              nul              nul              nul              VoidSymbol       nul              VoidSymbol       VoidSymbol       nul
keycode 215 = nul              nul              nul              nul              nul              VoidSymbol       nul              VoidSymbol       VoidSymbol       nul
keycode 216 = nul              nul              nul              nul              nul              VoidSymbol       nul              VoidSymbol       VoidSymbol       nul
keycode 217 = nul              nul              nul              nul              nul              VoidSymbol       nul              VoidSymbol       VoidSymbol       nul
keycode 218 = nul              nul              nul              nul              nul              VoidSymbol       nul              VoidSymbol       VoidSymbol       nul
keycode 219 = nul              nul              nul              nul              nul              VoidSymbol       nul              VoidSymbol       VoidSymbol       nul
keycode 220 = nul              nul              nul              nul              nul              VoidSymbol       nul              VoidSymbol       VoidSymbol       nul
keycode 221 = nul              nul              nul              nul              nul              VoidSymbol       nul              VoidSymbol       VoidSymbol       nul
keycode 222 = nul              nul              nul              nul              nul              VoidSymbol       nul              VoidSymbol       VoidSymbol       nul
keycode 223 = nul              nul              nul              nul              nul              VoidSymbol       nul              VoidSymbol       VoidSymbol       nul
keycode 224 = nul              nul              nul              nul              nul              VoidSymbol       nul              VoidSymbol       VoidSymbol       nul
keycode 225 = nul              nul              nul              nul              nul              VoidSymbol       nul              VoidSymbol       VoidSymbol       nul
keycode 226 = nul              nul              nul              nul              nul              VoidSymbol       nul              VoidSymbol       VoidSymbol       nul
keycode 227 = nul              nul              nul              nul              nul              VoidSymbol       nul              VoidSymbol       VoidSymbol       nul
keycode 228 = nul              nul              nul              nul              nul              VoidSymbol       nul              VoidSymbol       VoidSymbol       nul
keycode 229 = nul              nul              nul              nul              nul              VoidSymbol       nul              VoidSymbol       VoidSymbol       nul
keycode 230 = nul              nul              nul              nul              nul              VoidSymbol       nul              VoidSymbol       VoidSymbol       nul
keycode 231 = nul              nul              nul              nul              nul              VoidSymbol       nul              VoidSymbol       VoidSymbol       nul
keycode 232 = nul              nul              nul              nul              nul              VoidSymbol       nul              VoidSymbol       VoidSymbol       nul
keycode 233 = nul              nul              nul              nul              nul              VoidSymbol       nul              VoidSymbol       VoidSymbol       nul
keycode 234 = nul              nul              nul              nul              nul              VoidSymbol       nul              VoidSymbol       VoidSymbol       nul
keycode 235 = nul              nul              nul              nul              nul              VoidSymbol       nul              VoidSymbol       VoidSymbol       nul
keycode 236 = nul              nul              nul              nul              nul              VoidSymbol       nul              VoidSymbol       VoidSymbol       nul
keycode 237 = nul              nul              nul              nul              nul              VoidSymbol       nul              VoidSymbol       VoidSymbol       nul
keycode 238 = nul              nul              nul              nul              nul              VoidSymbol       nul              VoidSymbol       VoidSymbol       nul
keycode 239 = nul              nul              nul              nul              nul              VoidSymbol       nul              VoidSymbol       VoidSymbol       nul
keycode 240 = nul              nul              nul              nul              nul              VoidSymbol       nul              VoidSymbol       VoidSymbol       nul
keycode 241 = nul              nul              nul              nul              nul              VoidSymbol       nul              VoidSymbol       VoidSymbol       nul
keycode 242 = nul              nul              nul              nul              nul              VoidSymbol       nul              VoidSymbol       VoidSymbol       nul
keycode 243 = nul              nul              nul              nul              nul              VoidSymbol       nul              VoidSymbol       VoidSymbol       nul
keycode 244 = nul              nul              nul              nul              nul              VoidSymbol       nul              VoidSymbol       VoidSymbol       nul
keycode 245 = nul              nul              nul              nul              nul              VoidSymbol       nul              VoidSymbol       VoidSymbol       nul
keycode 246 = nul              nul              nul              nul              nul              VoidSymbol       nul              VoidSymbol       VoidSymbol       nul
keycode 247 = nul              nul              nul              nul              nul              VoidSymbol       nul              VoidSymbol       VoidSymbol       nul
keycode 248 = nul              nul              nul              nul              nul              VoidSymbol       nul              VoidSymbol       VoidSymbol       nul
keycode 249 = nul              nul              nul              nul              nul              VoidSymbol       nul              VoidSymbol       VoidSymbol       nul
keycode 250 = nul              nul              nul              nul              nul              VoidSymbol       nul              VoidSymbol       VoidSymbol       nul
keycode 251 = nul              nul              nul              nul              nul              VoidSymbol       nul              VoidSymbol       VoidSymbol       nul
keycode 252 = nul              nul              nul              nul              nul              VoidSymbol       nul              VoidSymbol       VoidSymbol       nul
keycode 253 = nul              nul              nul              nul              nul              VoidSymbol       nul              VoidSymbol       VoidSymbol       nul
keycode 254 = nul              nul              nul              nul              nul              VoidSymbol       nul              VoidSymbol       VoidSymbol       nul
keycode 255 = nul              nul              nul              nul              nul              VoidSymbol       nul              VoidSymbol       VoidSymbol       nul
string F1 = "\033[[A"
string F2 = "\033[[B"
string F3 = "\033[[C"
string F4 = "\033[[D"
string F5 = "\033[[E"
string F6 = "\033[17~"
string F7 = "\033[18~"
string F8 = "\033[19~"
string F9 = "\033[20~"
string F10 = "\033[21~"
string F11 = "\033[23~"
string F12 = "\033[24~"
string F13 = "\033[25~"
string F14 = "\033[26~"
string F15 = "\033[28~"
string F16 = "\033[29~"
string F17 = "\033[31~"
string F18 = "\033[32~"
string F19 = "\033[33~"
string F20 = "\033[34~"
string Find = "\033[1~"
string Insert = "\033[2~"
string Remove = "\033[3~"
string Select = "\033[4~"
string Prior = "\033[5~"
string Next = "\033[6~"
string Macro = "\033[M"
string Pause = "\033[P"
compose '`' 'A' to Agrave
compose '`' 'a' to agrave
compose '\'' 'A' to Aacute
compose '\'' 'a' to aacute
compose '^' 'A' to Acircumflex
compose '^' 'a' to acircumflex
compose '~' 'A' to Atilde
compose '~' 'a' to atilde
compose '"' 'A' to Adiaeresis
compose '"' 'a' to adiaeresis
compose '-' 'a' to ordfeminine
compose '-' 'A' to ordfeminine
compose 'O' 'A' to Aring
compose 'o' 'a' to aring
compose '0' 'A' to Aring
compose '0' 'a' to aring
compose 'A' 'A' to Aring
compose 'a' 'a' to aring
compose '\260' 'A' to Aring
compose '\260' 'a' to aring
compose 'A' 'E' to AE
compose 'a' 'e' to ae
compose ',' 'C' to Ccedilla
compose ',' 'c' to ccedilla
compose '^' 'C' to Ccedilla
compose '^' 'c' to ccedilla
compose '`' 'E' to Egrave
compose '`' 'e' to egrave
compose '\'' 'E' to Eacute
compose '\'' 'e' to eacute
compose '^' 'E' to Ecircumflex
compose '^' 'e' to ecircumflex
compose '"' 'E' to Ediaeresis
compose '"' 'e' to ediaeresis
compose '`' 'I' to Igrave
compose '`' 'i' to igrave
compose '\'' 'I' to Iacute
compose '\'' 'i' to iacute
compose '^' 'I' to Icircumflex
compose '^' 'i' to icircumflex
compose '"' 'I' to Idiaeresis
compose '"' 'i' to idiaeresis
compose '-' 'D' to ETH
compose '-' 'd' to eth
compose '^' 'D' to ETH
compose '^' 'd' to eth
compose '~' 'N' to Ntilde
compose '~' 'n' to ntilde
compose '^' 'N' to Ntilde
compose '^' 'n' to ntilde
compose '`' 'O' to Ograve
compose '`' 'o' to ograve
compose '\'' 'O' to Oacute
compose '\'' 'o' to oacute
compose '^' 'O' to Ocircumflex
compose '^' 'o' to ocircumflex
compose '~' 'O' to Otilde
compose '~' 'o' to otilde
compose '"' 'O' to Odiaeresis
compose '"' 'o' to odiaeresis
compose '/' 'O' to Ooblique
compose '/' 'o' to oslash
compose '-' 'o' to masculine
compose '-' 'O' to masculine
compose '`' 'U' to Ugrave
compose '`' 'u' to ugrave
compose '\'' 'U' to Uacute
compose '\'' 'u' to uacute
compose '^' 'U' to Ucircumflex
compose '^' 'u' to ucircumflex
compose '"' 'U' to Udiaeresis
compose '"' 'u' to udiaeresis
compose '\'' 'Y' to Yacute
compose '\'' 'y' to yacute
compose 'T' 'H' to THORN
compose 't' 'h' to thorn
compose 's' 's' to ssharp
compose '"' 'y' to ydiaeresis
compose 's' 'z' to ssharp
compose 'n' 'n' to ntilde
compose 'n' 'h' to ntilde
compose 'N' 'Y' to Ntilde
compose 'N' 'N' to Ntilde
compose 'N' 'H' to Ntilde
compose 'N' 'y' to Ntilde
compose 'N' 'n' to Ntilde
compose 'N' 'h' to Ntilde
compose '-' 'L' to sterling
compose '<' '<' to guillemotleft
compose '>' '>' to guillemotright
compose '?' '?' to questiondown
compose '^' '?' to questiondown
compose '!' '!' to exclamdown
compose '^' '!' to exclamdown
compose '^' '1' to onesuperior
compose '^' '2' to twosuperior
compose '^' '3' to threesuperior
compose '+' '-' to plusminus
compose 'c' '=' to cent
compose 'c' '/' to cent
compose '/' 'c' to cent
compose '-' 'c' to cent
compose '-' 'C' to cent
compose '|' 'c' to cent
compose '|' 'C' to cent
compose 'L' '=' to sterling
compose '-' 'L' to sterling
compose '-' 'l' to sterling
compose '^' '*' to multiply
compose '^' 'x' to multiply
compose 'x' 'x' to multiply
compose '^' '.' to periodcentered
compose '.' '.' to periodcentered
compose '^' '/' to division
compose '^' ':' to division
compose '-' ':' to division
compose ':' '-' to division
compose 'Y' '=' to yen
compose '=' 'Y' to yen
compose '-' 'Y' to yen
compose '-' 'l' to yen
compose '(' 'c' to copyright
compose '"' 'c' to copyright
compose 'O' 'C' to copyright
compose '(' 'C' to copyright
compose 'C' ')' to copyright
compose '-' 'a' to ordfeminine
compose '-' 'A' to ordfeminine
compose '-' 'o' to masculine
compose '-' 'O' to masculine
compose '(' 'r' to registered
compose '"' 'r' to registered
compose 'O' 'R' to registered
compose '(' 'R' to registered
compose 'R' ')' to registered
compose 'm' 'u' to mu
compose 'P' 'P' to paragraph
compose '1' '4' to onequarter
compose '1' '2' to onehalf
compose '3' '4' to threequarters
compose 'e' '=' to currency
compose '-' 'e' to currency
compose '-' 'E' to currency
compose '=' 'E' to currency
compose 'v' 'S' to brokenbar
compose '^' 'S' to brokenbar
compose 'v' 's' to diaeresis
compose '^' 's' to diaeresis
compose 'v' 'Z' to acute
compose '^' 'Z' to acute
compose 'v' 'z' to cedilla
compose '^' 'z' to cedilla
compose 'O' 'E' to onequarter
compose 'O' 'e' to onequarter
compose 'o' 'e' to onehalf
compose '"' 'Y' to threequarters
compose 'i' 'j' to ydiaeresis
compose 'I' 'J' to threequarters
